// Jest Snapshot v1, https://goo.gl/fbAQLP

exports[`HeaderComponent should render the component 1`] = `
<div
  id="root0"
>
  <nav
    class="navbar navbar-expand-lg bg-body-tertiary"
  >
    <div
      class="container-fluid"
    >
      <a
        class="navbar-brand"
        href="#"
      >
        Navbar
      </a>
      <button
        aria-controls="navbarSupportedContent"
        aria-expanded="false"
        aria-label="Toggle navigation"
        class="navbar-toggler"
        data-bs-target="#navbarSupportedContent"
        data-bs-toggle="collapse"
        type="button"
      >
        <span
          class="navbar-toggler-icon"
        />
      </button>
      <div
        class="collapse navbar-collapse"
        id="navbarSupportedContent"
      >
        <ul
          class="navbar-nav me-auto mb-2 mb-lg-0"
        >
          <li
            class="nav-item"
          >
            <a
              class="nav-link"
              href="#"
            >
              Logout
            </a>
          </li>
          <li
            class="nav-item"
          >
            <a
              class="nav-link"
              href="#"
            >
              Catalog
            </a>
          </li>
          <li
            class="nav-item"
          >
            <a
              class="nav-link"
              href="#"
            >
              Rented Cars
            </a>
          </li>
          <li
            class="nav-item"
          >
            <a
              class="nav-link disabled"
            >
              Find a location
            </a>
          </li>
        </ul>
      </div>
    </div>
  </nav>
</div>
`;
