// Jest Snapshot v1, https://goo.gl/fbAQLP

exports[`NotFoundComponent should render the component 1`] = `
<div
  id="root1"
>
  <a
    href="https://youtu.be/dQw4w9WgXcQ"
    target="_blank"
  >
    <header
      class="top-header"
    />
    <div>
      <div
        class="starsec"
      />
      <div
        class="starthird"
      />
      <div
        class="starfourth"
      />
      <div
        class="starfifth"
      />
    </div>
    <div
      class="lamp__wrap"
    >
      <div
        class="lamp"
      >
        <div
          class="cable"
        />
        <div
          class="cover"
        />
        <div
          class="in-cover"
        >
          <div
            class="bulb"
          />
        </div>
        <div
          class="light"
        />
      </div>
    </div>
    <section
      class="error"
    >
      <div
        class="error__content"
      >
        <div
          class="error__message message"
        >
          <h1
            class="message__title"
          >
            Page Not Found
          </h1>
          <p
            class="message__text"
          >
            We're sorry, the page you were looking for isn't found here. The link you followed may either be broken or no longer exists. Please try again, or take a look at our.
          </p>
        </div>
        <div
          class="error__nav e-nav"
        >
          <a
            class="e-nav__link"
            routerlink="/home"
          />
        </div>
      </div>
    </section>
  </a>
</div>
`;
