// Jest Snapshot v1, https://goo.gl/fbAQLP

exports[`LoginComponent should render the component 1`] = `
<div
  id="root0"
>
  <div
    class="container-fluid center-screen"
  >
    <div
      class="container"
      id="main-wrapper"
    >
      <div
        class="row justify-content-center"
      >
        <div
          class="col-xl-10"
        >
          <div
            class="card border-0"
          >
            <div
              class="card-body p-0"
            >
              <div
                class="row no-gutters"
              >
                <div
                  class="col-lg-6"
                >
                  <div
                    class="p-5"
                  >
                    <div
                      class="mb-5"
                    >
                      <h3
                        class="h4 font-weight-bold text-theme"
                        style="color: #5369f8;"
                      >
                        Login
                      </h3>
                    </div>
                    <h6
                      class="h5 mb-0"
                    >
                      Welcome back!
                    </h6>
                    <p
                      class="text-muted mt-2 mb-5"
                    >
                      Enter your user name and password to access the best cars in the world.
                    </p>
                    <form
                      class="ng-untouched ng-pristine ng-invalid"
                      id="loginForm"
                      novalidate=""
                    >
                      <div
                        class="form-group"
                        style="text-align: left;"
                      >
                        <label
                          for="inputUserName"
                        >
                          Username
                        </label>
                        <input
                          class="form-control ng-untouched ng-pristine ng-invalid"
                          formcontrolname="username"
                          id="inputUserName"
                          type="text"
                        />
                        
                      </div>
                      <div
                        class="form-group mb-5 mt-2"
                        style="text-align: left;"
                      >
                        <label
                          for="inputPassword"
                        >
                          Password
                        </label>
                        <input
                          class="form-control ng-untouched ng-pristine ng-invalid"
                          formcontrolname="password"
                          id="inputPassword"
                          type="password"
                        />
                        
                      </div>
                      <div
                        class="form-group mb-5"
                      >
                        <button
                          class="btn btn-theme form-control"
                          data-testid="login-btn"
                          disabled=""
                          id="login-btn"
                          type="submit"
                        >
                          Login 
                        </button>
                      </div>
                    </form>
                  </div>
                </div>
                <div
                  class="col-lg-6 d-none d-lg-inline-block"
                >
                  <div
                    class="logo rounded-right"
                  >
                    <div
                      class="overlay rounded-right"
                    />
                    <div
                      class="logo-inner"
                    >
                      <h4
                        class="text-white mb-4"
                      >
                        Welcome to Car Rental
                      </h4>
                      <p
                        class="lead text-white"
                      >
                        "I wanted to give the folks a little sizzle. Ka-chow!"
                      </p>
                      <p>
                        - Lightning McQueen
                      </p>
                    </div>
                  </div>
                </div>
              </div>
            </div>
          </div>
          <p
            class="text-muted text-center mt-3 mb-0"
          >
            Don't have an account? Register 
            <a
              class="text-primary ml-1"
              href="/register"
              rel="noopener"
              routerlink="/register"
            >
              here
            </a>
            . 
          </p>
        </div>
      </div>
    </div>
  </div>
</div>
`;
