// Jest Snapshot v1, https://goo.gl/fbAQLP

exports[`AppComponent should render the app 1`] = `
<div
  id="root0"
>
  
  <app-toast
    aria-atomic="true"
    aria-live="polite"
  />
  <router-outlet />
  
</div>
`;
