// Jest Snapshot v1, https://goo.gl/fbAQLP

exports[`BookingCardComponent should render the component 1`] = `
<div
  id="root0"
>
  <div
    class="card mb-2 mt-1"
    style="max-width: 540px;"
  >
    <div
      class="row no-gutters justify-content-center"
    >
      <div
        class="col-3 d-flex"
      >
        <img
          alt="car"
          class="card-img"
          src="../../../../assets/expired.png"
          style="margin: auto;"
        />
        
        
      </div>
      <div
        class="col-md-8"
      >
        <div
          class="card-body"
        >
          <h5
            class="card-title"
          >
            Card ID: 1
          </h5>
          <hr />
          <p
            class="card-text mt-2"
          >
             February 14, 2020 - February 20, 2020 
          </p>
          <p
            class="card-text"
          >
            <span
              class="fw-bold"
            >
              Booking days:
            </span>
             1 
          </p>
          <hr />
          <p
            class="card-text mt-0"
          >
            <span
              class="fw-bold"
            >
              Total amount:
            </span>
             $12,345.00 
          </p>
        </div>
      </div>
    </div>
  </div>
</div>
`;
