// Jest Snapshot v1, https://goo.gl/fbAQLP

exports[`CatalogComponent should render the component 1`] = `
<div
  id="root0"
>
  <div
    class="container"
    style="margin-top: 1rem;"
  >
    <h1
      class="mt-2"
    >
      Explore our arsenal
    </h1>
    <div
      class="row"
    >
      <div
        class="col"
      >
        <app-car-card
          style="margin: 1rem;"
        >
          <div
            class="card"
            style="width: 18rem;"
          >
            <img
              alt="VW Golf"
              class="card-img-top"
              src="https://pictures.dealer.com/c/costamesacadillac/0679/a976281f56ff06d46dc390283aa14da6x.jpg?impolicy=downsize_bkpt&imdensity=1&w=520"
            />
            <div
              class="card-body"
            >
              <h5
                class="card-title"
              >
                VW Golf
              </h5>
              <p
                class="card-text"
              >
                Brand: VW
              </p>
              <p
                class="card-text"
              >
                Model: Golf
              </p>
              <p
                class="card-text"
              >
                Manufacture Year: 2020
              </p>
              <p
                class="card-text"
              >
                <b>
                  Price:
                </b>
                 €100.00 / Day
              </p>
              <button
                class="btn btn-primary"
                style="float: right;"
              >
                 Rent 
              </button>
            </div>
          </div>
        </app-car-card>
      </div>
      <div
        class="col"
      >
        <app-car-card
          style="margin: 1rem;"
        >
          <div
            class="card"
            style="width: 18rem;"
          >
            <img
              alt="Opel Kadett"
              class="card-img-top"
              src="https://pictures.dealer.com/c/costamesacadillac/0679/a976281f56ff06d46dc390283aa14da6x.jpg?impolicy=downsize_bkpt&imdensity=1&w=520"
            />
            <div
              class="card-body"
            >
              <h5
                class="card-title"
              >
                Opel Kadett
              </h5>
              <p
                class="card-text"
              >
                Brand: Opel
              </p>
              <p
                class="card-text"
              >
                Model: Kadett
              </p>
              <p
                class="card-text"
              >
                Manufacture Year: 2014
              </p>
              <p
                class="card-text"
              >
                <b>
                  Price:
                </b>
                 €200.00 / Day
              </p>
              <button
                class="btn btn-primary"
                style="float: right;"
              >
                 Rent 
              </button>
            </div>
          </div>
        </app-car-card>
      </div>
      <div
        class="col"
      >
        <app-car-card
          style="margin: 1rem;"
        >
          <div
            class="card"
            style="width: 18rem;"
          >
            <img
              alt="Mercedes A-Class"
              class="card-img-top"
              src="https://pictures.dealer.com/c/costamesacadillac/0679/a976281f56ff06d46dc390283aa14da6x.jpg?impolicy=downsize_bkpt&imdensity=1&w=520"
            />
            <div
              class="card-body"
            >
              <h5
                class="card-title"
              >
                Mercedes A-Class
              </h5>
              <p
                class="card-text"
              >
                Brand: Mercedes
              </p>
              <p
                class="card-text"
              >
                Model: A-Class
              </p>
              <p
                class="card-text"
              >
                Manufacture Year: 2018
              </p>
              <p
                class="card-text"
              >
                <b>
                  Price:
                </b>
                 €300.00 / Day
              </p>
              <button
                class="btn btn-primary"
                style="float: right;"
              >
                 Rent 
              </button>
            </div>
          </div>
        </app-car-card>
      </div>
      <div
        class="col"
      >
        <app-car-card
          style="margin: 1rem;"
        >
          <div
            class="card"
            style="width: 18rem;"
          >
            <img
              alt="VW Golf"
              class="card-img-top"
              src="https://pictures.dealer.com/c/costamesacadillac/0679/a976281f56ff06d46dc390283aa14da6x.jpg?impolicy=downsize_bkpt&imdensity=1&w=520"
            />
            <div
              class="card-body"
            >
              <h5
                class="card-title"
              >
                VW Golf
              </h5>
              <p
                class="card-text"
              >
                Brand: VW
              </p>
              <p
                class="card-text"
              >
                Model: Golf
              </p>
              <p
                class="card-text"
              >
                Manufacture Year: 2020
              </p>
              <p
                class="card-text"
              >
                <b>
                  Price:
                </b>
                 €100.00 / Day
              </p>
              <button
                class="btn btn-primary"
                style="float: right;"
              >
                 Rent 
              </button>
            </div>
          </div>
        </app-car-card>
      </div>
      <div
        class="col"
      >
        <app-car-card
          style="margin: 1rem;"
        >
          <div
            class="card"
            style="width: 18rem;"
          >
            <img
              alt="Opel Kadett"
              class="card-img-top"
              src="https://pictures.dealer.com/c/costamesacadillac/0679/a976281f56ff06d46dc390283aa14da6x.jpg?impolicy=downsize_bkpt&imdensity=1&w=520"
            />
            <div
              class="card-body"
            >
              <h5
                class="card-title"
              >
                Opel Kadett
              </h5>
              <p
                class="card-text"
              >
                Brand: Opel
              </p>
              <p
                class="card-text"
              >
                Model: Kadett
              </p>
              <p
                class="card-text"
              >
                Manufacture Year: 2014
              </p>
              <p
                class="card-text"
              >
                <b>
                  Price:
                </b>
                 €200.00 / Day
              </p>
              <button
                class="btn btn-primary"
                style="float: right;"
              >
                 Rent 
              </button>
            </div>
          </div>
        </app-car-card>
      </div>
      <div
        class="col"
      >
        <app-car-card
          style="margin: 1rem;"
        >
          <div
            class="card"
            style="width: 18rem;"
          >
            <img
              alt="Mercedes A-Class"
              class="card-img-top"
              src="https://pictures.dealer.com/c/costamesacadillac/0679/a976281f56ff06d46dc390283aa14da6x.jpg?impolicy=downsize_bkpt&imdensity=1&w=520"
            />
            <div
              class="card-body"
            >
              <h5
                class="card-title"
              >
                Mercedes A-Class
              </h5>
              <p
                class="card-text"
              >
                Brand: Mercedes
              </p>
              <p
                class="card-text"
              >
                Model: A-Class
              </p>
              <p
                class="card-text"
              >
                Manufacture Year: 2018
              </p>
              <p
                class="card-text"
              >
                <b>
                  Price:
                </b>
                 €300.00 / Day
              </p>
              <button
                class="btn btn-primary"
                style="float: right;"
              >
                 Rent 
              </button>
            </div>
          </div>
        </app-car-card>
      </div>
      <div
        class="col"
      >
        <app-car-card
          style="margin: 1rem;"
        >
          <div
            class="card"
            style="width: 18rem;"
          >
            <img
              alt="VW Golf"
              class="card-img-top"
              src="https://pictures.dealer.com/c/costamesacadillac/0679/a976281f56ff06d46dc390283aa14da6x.jpg?impolicy=downsize_bkpt&imdensity=1&w=520"
            />
            <div
              class="card-body"
            >
              <h5
                class="card-title"
              >
                VW Golf
              </h5>
              <p
                class="card-text"
              >
                Brand: VW
              </p>
              <p
                class="card-text"
              >
                Model: Golf
              </p>
              <p
                class="card-text"
              >
                Manufacture Year: 2020
              </p>
              <p
                class="card-text"
              >
                <b>
                  Price:
                </b>
                 €100.00 / Day
              </p>
              <button
                class="btn btn-primary"
                style="float: right;"
              >
                 Rent 
              </button>
            </div>
          </div>
        </app-car-card>
      </div>
      <div
        class="col"
      >
        <app-car-card
          style="margin: 1rem;"
        >
          <div
            class="card"
            style="width: 18rem;"
          >
            <img
              alt="Opel Kadett"
              class="card-img-top"
              src="https://pictures.dealer.com/c/costamesacadillac/0679/a976281f56ff06d46dc390283aa14da6x.jpg?impolicy=downsize_bkpt&imdensity=1&w=520"
            />
            <div
              class="card-body"
            >
              <h5
                class="card-title"
              >
                Opel Kadett
              </h5>
              <p
                class="card-text"
              >
                Brand: Opel
              </p>
              <p
                class="card-text"
              >
                Model: Kadett
              </p>
              <p
                class="card-text"
              >
                Manufacture Year: 2014
              </p>
              <p
                class="card-text"
              >
                <b>
                  Price:
                </b>
                 €200.00 / Day
              </p>
              <button
                class="btn btn-primary"
                style="float: right;"
              >
                 Rent 
              </button>
            </div>
          </div>
        </app-car-card>
      </div>
      <div
        class="col"
      >
        <app-car-card
          style="margin: 1rem;"
        >
          <div
            class="card"
            style="width: 18rem;"
          >
            <img
              alt="Mercedes A-Class"
              class="card-img-top"
              src="https://pictures.dealer.com/c/costamesacadillac/0679/a976281f56ff06d46dc390283aa14da6x.jpg?impolicy=downsize_bkpt&imdensity=1&w=520"
            />
            <div
              class="card-body"
            >
              <h5
                class="card-title"
              >
                Mercedes A-Class
              </h5>
              <p
                class="card-text"
              >
                Brand: Mercedes
              </p>
              <p
                class="card-text"
              >
                Model: A-Class
              </p>
              <p
                class="card-text"
              >
                Manufacture Year: 2018
              </p>
              <p
                class="card-text"
              >
                <b>
                  Price:
                </b>
                 €300.00 / Day
              </p>
              <button
                class="btn btn-primary"
                style="float: right;"
              >
                 Rent 
              </button>
            </div>
          </div>
        </app-car-card>
      </div>
      <div
        class="col"
      >
        <app-car-card
          style="margin: 1rem;"
        >
          <div
            class="card"
            style="width: 18rem;"
          >
            <img
              alt="VW Golf"
              class="card-img-top"
              src="https://pictures.dealer.com/c/costamesacadillac/0679/a976281f56ff06d46dc390283aa14da6x.jpg?impolicy=downsize_bkpt&imdensity=1&w=520"
            />
            <div
              class="card-body"
            >
              <h5
                class="card-title"
              >
                VW Golf
              </h5>
              <p
                class="card-text"
              >
                Brand: VW
              </p>
              <p
                class="card-text"
              >
                Model: Golf
              </p>
              <p
                class="card-text"
              >
                Manufacture Year: 2020
              </p>
              <p
                class="card-text"
              >
                <b>
                  Price:
                </b>
                 €100.00 / Day
              </p>
              <button
                class="btn btn-primary"
                style="float: right;"
              >
                 Rent 
              </button>
            </div>
          </div>
        </app-car-card>
      </div>
      <div
        class="col"
      >
        <app-car-card
          style="margin: 1rem;"
        >
          <div
            class="card"
            style="width: 18rem;"
          >
            <img
              alt="Opel Kadett"
              class="card-img-top"
              src="https://pictures.dealer.com/c/costamesacadillac/0679/a976281f56ff06d46dc390283aa14da6x.jpg?impolicy=downsize_bkpt&imdensity=1&w=520"
            />
            <div
              class="card-body"
            >
              <h5
                class="card-title"
              >
                Opel Kadett
              </h5>
              <p
                class="card-text"
              >
                Brand: Opel
              </p>
              <p
                class="card-text"
              >
                Model: Kadett
              </p>
              <p
                class="card-text"
              >
                Manufacture Year: 2014
              </p>
              <p
                class="card-text"
              >
                <b>
                  Price:
                </b>
                 €200.00 / Day
              </p>
              <button
                class="btn btn-primary"
                style="float: right;"
              >
                 Rent 
              </button>
            </div>
          </div>
        </app-car-card>
      </div>
      <div
        class="col"
      >
        <app-car-card
          style="margin: 1rem;"
        >
          <div
            class="card"
            style="width: 18rem;"
          >
            <img
              alt="Mercedes A-Class"
              class="card-img-top"
              src="https://pictures.dealer.com/c/costamesacadillac/0679/a976281f56ff06d46dc390283aa14da6x.jpg?impolicy=downsize_bkpt&imdensity=1&w=520"
            />
            <div
              class="card-body"
            >
              <h5
                class="card-title"
              >
                Mercedes A-Class
              </h5>
              <p
                class="card-text"
              >
                Brand: Mercedes
              </p>
              <p
                class="card-text"
              >
                Model: A-Class
              </p>
              <p
                class="card-text"
              >
                Manufacture Year: 2018
              </p>
              <p
                class="card-text"
              >
                <b>
                  Price:
                </b>
                 €300.00 / Day
              </p>
              <button
                class="btn btn-primary"
                style="float: right;"
              >
                 Rent 
              </button>
            </div>
          </div>
        </app-car-card>
      </div>
      
      
    </div>
  </div>
</div>
`;
